{"apiVersion":"v1","data":{"_REDACTED":"This field has been redacted","length":53},"kind":"Secret","metadata":{"name":"test-secret"}}