apiVersion: v1
data:
    _REDACTED: This field has been redacted
    length: 46
kind: Secret
metadata:
    name: test-secret
