apiVersion: v1
kind: ConfigMap
metadata:
  name: test-configmap
data:
  config: "this should not be redacted"
  public-setting: "also public"
